// Jest Snapshot v1, https://goo.gl/fbAQLP

exports[`TextInput renders properly 1`] = `
Object {
  "asFragment": [Function],
  "baseElement": <body>
    <div>
      <div>
        <div
          class="css-1oijshp-Container e19wqegw5"
        >
          <input
            class="css-dn4j2n-Input e19wqegw3"
            id="1"
            placeholder="1"
            type="text"
            value="hello"
          />
          <label
            class="css-csqiz0-Label e19wqegw4"
            for="1"
          >
            1
          </label>
        </div>
        <div
          class="css-1oijshp-Container e19wqegw5"
        >
          <input
            class="css-dn4j2n-Input e19wqegw3"
            id="2"
            placeholder="2"
            type="email"
            value="greg@gmail.com"
          />
          <label
            class="css-csqiz0-Label e19wqegw4"
            for="2"
          >
            2
          </label>
        </div>
        <div
          class="css-1oijshp-Container e19wqegw5"
        >
          <div
            class="css-d4h2in-EyeIconContainer e19wqegw0"
          >
            <svg
              class="css-4i3ax9-SVGIcon e26f57s0"
              fill="none"
              height="24"
              role="button"
              viewBox="0 0 24 24"
              width="24"
              xmlns="http://www.w3.org/2000/svg"
            >
              <title>
                Visible
              </title>
              <path
                clip-rule="evenodd"
                d="M12 5C7 5 2.73 8.11 1 12.5C2.73 16.89 7 20 12 20C17 20 21.27 16.89 23 12.5C21.27 8.11 17 5 12 5ZM12 17.5C9.24 17.5 7 15.26 7 12.5C7 9.74 9.24 7.5 12 7.5C14.76 7.5 17 9.74 17 12.5C17 15.26 14.76 17.5 12 17.5ZM12 9.5C10.34 9.5 9 10.84 9 12.5C9 14.16 10.34 15.5 12 15.5C13.66 15.5 15 14.16 15 12.5C15 10.84 13.66 9.5 12 9.5Z"
                fill-rule="evenodd"
              />
            </svg>
          </div>
          <input
            class="css-1mjsrg1-Input e19wqegw3"
            id="3"
            placeholder="3"
            type="text"
            value="password"
          />
          <label
            class="css-csqiz0-Label e19wqegw4"
            for="3"
          >
            3
          </label>
        </div>
        <div
          class="css-y7gdxi-Container e19wqegw5"
        >
          <input
            class="css-1jng164-Input e19wqegw3"
            id="outlined"
            placeholder="outlined"
            type="text"
            value=""
          />
          <label
            class="css-1g1fvn4-Label e19wqegw4"
            for="outlined"
          >
            Outlined
          </label>
        </div>
        <div
          class="css-1ryu0wv-Container e19wqegw5"
        >
          <textarea
            class="css-1y3zcga-TextArea e19wqegw2"
            id="textarea"
            placeholder="TextArea"
            spellcheck="true"
          >
            Text area text here
          </textarea>
          <label
            class="css-csqiz0-Label e19wqegw4"
            for="textarea"
          >
            TextArea
          </label>
        </div>
      </div>
    </div>
  </body>,
  "container": <div>
    <div>
      <div
        class="css-1oijshp-Container e19wqegw5"
      >
        <input
          class="css-dn4j2n-Input e19wqegw3"
          id="1"
          placeholder="1"
          type="text"
          value="hello"
        />
        <label
          class="css-csqiz0-Label e19wqegw4"
          for="1"
        >
          1
        </label>
      </div>
      <div
        class="css-1oijshp-Container e19wqegw5"
      >
        <input
          class="css-dn4j2n-Input e19wqegw3"
          id="2"
          placeholder="2"
          type="email"
          value="greg@gmail.com"
        />
        <label
          class="css-csqiz0-Label e19wqegw4"
          for="2"
        >
          2
        </label>
      </div>
      <div
        class="css-1oijshp-Container e19wqegw5"
      >
        <div
          class="css-d4h2in-EyeIconContainer e19wqegw0"
        >
          <svg
            class="css-4i3ax9-SVGIcon e26f57s0"
            fill="none"
            height="24"
            role="button"
            viewBox="0 0 24 24"
            width="24"
            xmlns="http://www.w3.org/2000/svg"
          >
            <title>
              Visible
            </title>
            <path
              clip-rule="evenodd"
              d="M12 5C7 5 2.73 8.11 1 12.5C2.73 16.89 7 20 12 20C17 20 21.27 16.89 23 12.5C21.27 8.11 17 5 12 5ZM12 17.5C9.24 17.5 7 15.26 7 12.5C7 9.74 9.24 7.5 12 7.5C14.76 7.5 17 9.74 17 12.5C17 15.26 14.76 17.5 12 17.5ZM12 9.5C10.34 9.5 9 10.84 9 12.5C9 14.16 10.34 15.5 12 15.5C13.66 15.5 15 14.16 15 12.5C15 10.84 13.66 9.5 12 9.5Z"
              fill-rule="evenodd"
            />
          </svg>
        </div>
        <input
          class="css-1mjsrg1-Input e19wqegw3"
          id="3"
          placeholder="3"
          type="text"
          value="password"
        />
        <label
          class="css-csqiz0-Label e19wqegw4"
          for="3"
        >
          3
        </label>
      </div>
      <div
        class="css-y7gdxi-Container e19wqegw5"
      >
        <input
          class="css-1jng164-Input e19wqegw3"
          id="outlined"
          placeholder="outlined"
          type="text"
          value=""
        />
        <label
          class="css-1g1fvn4-Label e19wqegw4"
          for="outlined"
        >
          Outlined
        </label>
      </div>
      <div
        class="css-1ryu0wv-Container e19wqegw5"
      >
        <textarea
          class="css-1y3zcga-TextArea e19wqegw2"
          id="textarea"
          placeholder="TextArea"
          spellcheck="true"
        >
          Text area text here
        </textarea>
        <label
          class="css-csqiz0-Label e19wqegw4"
          for="textarea"
        >
          TextArea
        </label>
      </div>
    </div>
  </div>,
  "debug": [Function],
  "findAllByAltText": [Function],
  "findAllByDisplayValue": [Function],
  "findAllByLabelText": [Function],
  "findAllByPlaceholderText": [Function],
  "findAllByRole": [Function],
  "findAllByTestId": [Function],
  "findAllByText": [Function],
  "findAllByTitle": [Function],
  "findByAltText": [Function],
  "findByDisplayValue": [Function],
  "findByLabelText": [Function],
  "findByPlaceholderText": [Function],
  "findByRole": [Function],
  "findByTestId": [Function],
  "findByText": [Function],
  "findByTitle": [Function],
  "getAllByAltText": [Function],
  "getAllByDisplayValue": [Function],
  "getAllByLabelText": [Function],
  "getAllByPlaceholderText": [Function],
  "getAllByRole": [Function],
  "getAllByTestId": [Function],
  "getAllByText": [Function],
  "getAllByTitle": [Function],
  "getByAltText": [Function],
  "getByDisplayValue": [Function],
  "getByLabelText": [Function],
  "getByPlaceholderText": [Function],
  "getByRole": [Function],
  "getByTestId": [Function],
  "getByText": [Function],
  "getByTitle": [Function],
  "queryAllByAltText": [Function],
  "queryAllByDisplayValue": [Function],
  "queryAllByLabelText": [Function],
  "queryAllByPlaceholderText": [Function],
  "queryAllByRole": [Function],
  "queryAllByTestId": [Function],
  "queryAllByText": [Function],
  "queryAllByTitle": [Function],
  "queryByAltText": [Function],
  "queryByDisplayValue": [Function],
  "queryByLabelText": [Function],
  "queryByPlaceholderText": [Function],
  "queryByRole": [Function],
  "queryByTestId": [Function],
  "queryByText": [Function],
  "queryByTitle": [Function],
  "rerender": [Function],
  "unmount": [Function],
}
`;
