// Jest Snapshot v1, https://goo.gl/fbAQLP

exports[`Txt components render properly 1`] = `
Object {
  "asFragment": [Function],
  "baseElement": <body>
    <div>
      <div
        id="txt-test-div"
      >
        <h1
          class="css-1kk2lgj-H1-TextMixin e1ez90bh0"
        >
          Test H1
        </h1>
        <h2
          class="css-1hf4ge2-H2-TextMixin ewijl6f0"
        >
          Test H2
        </h2>
        <h3
          class="css-y7h9ws-H3-TextMixin eyl1k3n0"
        >
          Test H3
        </h3>
        <h4
          class="css-4ivc9-H4-TextMixin e1uetepz0"
        >
          Test H4
        </h4>
        <h5
          class="css-1lbf9r5-H5-TextMixin e15034nc0"
        >
          Test H5
        </h5>
        <span
          class="css-wq6nlq-LowEmpSpan-TextMixin ebud7590"
        >
          Test LowEmpSpan
        </span>
        <span
          class="css-v5jw6b-NumberSpan-TextMixin evnodtx0"
        >
          Test NumberSpan
        </span>
        <p
          class="css-44y8rz-P-TextMixin elrci8c0"
        >
          Test P
        </p>
      </div>
    </div>
  </body>,
  "container": <div>
    <div
      id="txt-test-div"
    >
      <h1
        class="css-1kk2lgj-H1-TextMixin e1ez90bh0"
      >
        Test H1
      </h1>
      <h2
        class="css-1hf4ge2-H2-TextMixin ewijl6f0"
      >
        Test H2
      </h2>
      <h3
        class="css-y7h9ws-H3-TextMixin eyl1k3n0"
      >
        Test H3
      </h3>
      <h4
        class="css-4ivc9-H4-TextMixin e1uetepz0"
      >
        Test H4
      </h4>
      <h5
        class="css-1lbf9r5-H5-TextMixin e15034nc0"
      >
        Test H5
      </h5>
      <span
        class="css-wq6nlq-LowEmpSpan-TextMixin ebud7590"
      >
        Test LowEmpSpan
      </span>
      <span
        class="css-v5jw6b-NumberSpan-TextMixin evnodtx0"
      >
        Test NumberSpan
      </span>
      <p
        class="css-44y8rz-P-TextMixin elrci8c0"
      >
        Test P
      </p>
    </div>
  </div>,
  "debug": [Function],
  "findAllByAltText": [Function],
  "findAllByDisplayValue": [Function],
  "findAllByLabelText": [Function],
  "findAllByPlaceholderText": [Function],
  "findAllByRole": [Function],
  "findAllByTestId": [Function],
  "findAllByText": [Function],
  "findAllByTitle": [Function],
  "findByAltText": [Function],
  "findByDisplayValue": [Function],
  "findByLabelText": [Function],
  "findByPlaceholderText": [Function],
  "findByRole": [Function],
  "findByTestId": [Function],
  "findByText": [Function],
  "findByTitle": [Function],
  "getAllByAltText": [Function],
  "getAllByDisplayValue": [Function],
  "getAllByLabelText": [Function],
  "getAllByPlaceholderText": [Function],
  "getAllByRole": [Function],
  "getAllByTestId": [Function],
  "getAllByText": [Function],
  "getAllByTitle": [Function],
  "getByAltText": [Function],
  "getByDisplayValue": [Function],
  "getByLabelText": [Function],
  "getByPlaceholderText": [Function],
  "getByRole": [Function],
  "getByTestId": [Function],
  "getByText": [Function],
  "getByTitle": [Function],
  "queryAllByAltText": [Function],
  "queryAllByDisplayValue": [Function],
  "queryAllByLabelText": [Function],
  "queryAllByPlaceholderText": [Function],
  "queryAllByRole": [Function],
  "queryAllByTestId": [Function],
  "queryAllByText": [Function],
  "queryAllByTitle": [Function],
  "queryByAltText": [Function],
  "queryByDisplayValue": [Function],
  "queryByLabelText": [Function],
  "queryByPlaceholderText": [Function],
  "queryByRole": [Function],
  "queryByTestId": [Function],
  "queryByText": [Function],
  "queryByTitle": [Function],
  "rerender": [Function],
  "unmount": [Function],
}
`;
