// Jest Snapshot v1, https://goo.gl/fbAQLP

exports[`WorkoutForm renders properly 1`] = `
Object {
  "asFragment": [Function],
  "baseElement": <body>
    <div>
      <form
        class="css-2shsq8-Form-SurfaceElevation eyn0rhl7"
      >
        <div
          class="css-hphwbf-Row eyn0rhl4"
        >
          <h2
            class="css-12ejohh-H2-TextMixin ewijl6f0"
          >
            Create A Workout
          </h2>
          <button
            class="css-ak8ya3-SecondaryButton-SurfaceElevation e1dg5x0l0"
          >
            Clear
          </button>
        </div>
        <div
          class="css-y7gdxi-Container e19wqegw5"
        >
          <input
            class="css-1jng164-Input e19wqegw3"
            id="create-workout-name"
            placeholder="Chest Destroyer... or something"
            required=""
            type="text"
            value="Test Workout 1"
          />
          <label
            class="css-1g1fvn4-Label e19wqegw4"
            for="create-workout-name"
          >
            Workout Name
            <span>
              *
            </span>
          </label>
        </div>
        <div
          class="css-1e11j7i-Container e19wqegw5"
        >
          <textarea
            class="css-1ue2n5n-TextArea e19wqegw2"
            id="create-workout-description"
            placeholder="Describe the workout, sell it and get others to try it!"
            spellcheck="true"
          >
            This is a test workout description that contains words.
          </textarea>
          <label
            class="css-1g1fvn4-Label e19wqegw4"
            for="create-workout-description"
          >
            Workout Description
          </label>
        </div>
        <div
          class="css-t71wi0-Row eyn0rhl4"
        >
          <div
            class="css-1czevnc-Container ehnckex2"
          >
            <button
              aria-label="Decrease number by 1"
              class="css-1onp49w-SmallRoundButton e1d9564b0"
            >
              -
            </button>
            <input
              class="css-baq04u-NumberInput-SurfaceElevation ehnckex0"
              id="create-workout-rounds"
              value="2"
            />
            <label
              class="css-1jw5w9c-Label ehnckex1"
              for="create-workout-rounds"
              role="label"
            >
              Number of Rounds
            </label>
            <button
              aria-label="Increase number by 1"
              class="css-1onp49w-SmallRoundButton e1d9564b0"
            >
              +
            </button>
          </div>
          <div
            class="css-bqgpbt-Container epl5quv1"
          >
            <span
              class="css-13ikpmi-NumberSpan-TextMixin-Title epl5quv0"
            >
              Share Setting
            </span>
            <div
              class="css-21c7ls-Row epl5quv7"
            >
              <button
                class="css-4vnsso-TertiaryButton-SurfaceElevation-Btn epl5quv6"
              >
                Public
              </button>
              <div
                class="css-1rkq0zx-ToggleContainer epl5quv3"
              >
                <label
                  class="css-9qbk92-TogglerLabel epl5quv4"
                >
                  <input
                    checked=""
                    class="css-b547lr-TogglerInput epl5quv5"
                    type="checkbox"
                  />
                  <div
                    class="css-fcz5f6-ToggleBall epl5quv2"
                  />
                </label>
              </div>
              <button
                class="css-4vnsso-TertiaryButton-SurfaceElevation-Btn epl5quv6"
                disabled=""
              >
                Private
              </button>
            </div>
          </div>
        </div>
        <h3
          class="css-o7kw0k-H3-TextMixin eyl1k3n0"
        >
          Exercises
        </h3>
        <p
          class="css-44y8rz-P-TextMixin elrci8c0"
        >
          Add exercises and rest periods.
           
          <span
            class="css-1ra9t9j-LowEmpSpan-TextMixin ebud7590"
          >
            You can reorder the exercises and rests by using the arrows.
          </span>
        </p>
        <p
          class="css-m6p9ut-P-TextMixin elrci8c0"
        >
          Duration: Exercises with no duration (ie '0:00') will not be timed, and will require the person doing the workout to hit the 'Next' button.
           
          <span
            class="css-1ra9t9j-LowEmpSpan-TextMixin ebud7590"
          >
            (Only set duration to zero if you want a certain number of reps to be performed.)
          </span>
        </p>
        <p
          class="css-44y8rz-P-TextMixin elrci8c0"
        >
          Repetitions: If you want the exercise to be performed to failure, set repetitions to 0.
        </p>
        <section
          class="css-1e4l76e-ExercisesContainer eyn0rhl6"
        >
          <section
            class="css-tm9dcy-ExerciseContainer-SurfaceElevation eyn0rhl5"
          >
            <div
              class="css-1jvcbl5-Row eyn0rhl4"
            >
              <div>
                <div
                  class="css-1cr90z6-Row eyn0rhl4"
                >
                  <h4
                    class="css-1nfoimb-H4-TextMixin e1uetepz0"
                  >
                    Exercise
                     
                    <span
                      class="css-v5jw6b-NumberSpan-TextMixin evnodtx0"
                    >
                      1
                    </span>
                  </h4>
                  <div>
                    <button
                      aria-label="Up"
                      class="css-1s6gjwe-Button-SurfaceElevation eccggh51"
                      disabled=""
                    >
                      <div
                        class="css-yt6a9h-Arrow eccggh50"
                        direction="Up"
                      />
                    </button>
                    <button
                      aria-label="Down"
                      class="css-1s6gjwe-Button-SurfaceElevation eccggh51"
                    >
                      <div
                        class="css-1vsw8zw-Arrow eccggh50"
                        direction="Down"
                      />
                    </button>
                  </div>
                </div>
              </div>
              <button
                class="css-ak8ya3-SecondaryButton-SurfaceElevation e1dg5x0l0"
              >
                Remove
              </button>
            </div>
            <div
              class="css-y7gdxi-Container e19wqegw5"
            >
              <input
                class="css-1jng164-Input e19wqegw3"
                id="exercise-name-0"
                list="exercises-data-list"
                placeholder="Pushups"
                required=""
                type="text"
                value="Plank"
              />
              <label
                class="css-1g1fvn4-Label e19wqegw4"
                for="exercise-name-0"
              >
                Exercise Name
                <span>
                  *
                </span>
              </label>
            </div>
            <div
              class="css-1e11j7i-Container e19wqegw5"
            >
              <textarea
                class="css-1ue2n5n-TextArea e19wqegw2"
                id="exercise-description-0"
                placeholder="Give others an idea of how the exercise should be performed."
                spellcheck="true"
              >
                Lie face down with your forearms on the floor and hands clasped. Extend the legs behind you and rise up on to your toes. Keeping the back straight, tighten your core, quads and glutes and hold the position.
              </textarea>
              <label
                class="css-1g1fvn4-Label e19wqegw4"
                for="exercise-description-0"
              >
                Exercise Description
              </label>
            </div>
            <div
              class="css-1nr72v1-Row eyn0rhl4"
            >
              <div
                class="css-8iiln6-Container e6k47t33"
              >
                <label
                  class="css-1jw5w9c-Label e6k47t32"
                >
                  Duration (Min : Sec)
                </label>
                <button
                  class="css-1onp49w-SmallRoundButton e1d9564b0"
                >
                  -
                </button>
                <label
                  class="css-1uke87w-HiddenLabel ejwy5sy0"
                  for="duration-min-exercise-duration-0"
                >
                  Minutes
                </label>
                <input
                  class="css-btjg7v-Input e6k47t31"
                  id="duration-min-exercise-duration-0"
                  value="1"
                />
                <span
                  class="css-13iph60-Span e6k47t30"
                >
                  :
                </span>
                <label
                  class="css-1uke87w-HiddenLabel ejwy5sy0"
                  for="duration-sec-exercise-duration-0"
                >
                  Seconds
                </label>
                <input
                  class="css-1kbecqj-Input e6k47t31"
                  id="duration-sec-exercise-duration-0"
                  value="01"
                />
                <button
                  class="css-1onp49w-SmallRoundButton e1d9564b0"
                >
                  +
                </button>
              </div>
              <div
                class="css-1czevnc-Container ehnckex2"
              >
                <button
                  aria-label="Decrease number by 1"
                  class="css-1onp49w-SmallRoundButton e1d9564b0"
                  disabled=""
                >
                  -
                </button>
                <input
                  class="css-baq04u-NumberInput-SurfaceElevation ehnckex0"
                  id="exercise-rep-count-0"
                  value="0"
                />
                <label
                  class="css-1jw5w9c-Label ehnckex1"
                  for="exercise-rep-count-0"
                  role="label"
                >
                  Repetitions
                </label>
                <button
                  aria-label="Increase number by 1"
                  class="css-1onp49w-SmallRoundButton e1d9564b0"
                >
                  +
                </button>
              </div>
            </div>
          </section>
          <section
            class="css-tm9dcy-ExerciseContainer-SurfaceElevation eyn0rhl5"
          >
            <div
              class="css-1jvcbl5-Row eyn0rhl4"
            >
              <div>
                <div
                  class="css-1cr90z6-Row eyn0rhl4"
                >
                  <h4
                    class="css-1nfoimb-H4-TextMixin e1uetepz0"
                  >
                    Rest
                     
                    <span
                      class="css-v5jw6b-NumberSpan-TextMixin evnodtx0"
                    >
                      1
                    </span>
                  </h4>
                  <div
                    class="css-wkktl0-MarginLeft eyn0rhl2"
                  >
                    <button
                      aria-label="Up"
                      class="css-1s6gjwe-Button-SurfaceElevation eccggh51"
                    >
                      <div
                        class="css-yt6a9h-Arrow eccggh50"
                        direction="Up"
                      />
                    </button>
                    <button
                      aria-label="Down"
                      class="css-1s6gjwe-Button-SurfaceElevation eccggh51"
                    >
                      <div
                        class="css-1vsw8zw-Arrow eccggh50"
                        direction="Down"
                      />
                    </button>
                  </div>
                </div>
              </div>
              <button
                class="css-ak8ya3-SecondaryButton-SurfaceElevation e1dg5x0l0"
              >
                Remove
              </button>
            </div>
            <div
              class="css-y7gdxi-Container e19wqegw5"
            >
              <input
                class="css-1jng164-Input e19wqegw3"
                id="exercise-description-1"
                placeholder="Optional Message to display during rest"
                type="text"
                value=""
              />
              <label
                class="css-1g1fvn4-Label e19wqegw4"
                for="exercise-description-1"
              >
                Rest Message
              </label>
            </div>
            <div
              class="css-140eg53-Row eyn0rhl4"
            >
              <div
                class="css-8iiln6-Container e6k47t33"
              >
                <label
                  class="css-1jw5w9c-Label e6k47t32"
                >
                  Duration (Min : Sec)
                </label>
                <button
                  class="css-1onp49w-SmallRoundButton e1d9564b0"
                >
                  -
                </button>
                <label
                  class="css-1uke87w-HiddenLabel ejwy5sy0"
                  for="duration-min-exercise-duration-1"
                >
                  Minutes
                </label>
                <input
                  class="css-btjg7v-Input e6k47t31"
                  id="duration-min-exercise-duration-1"
                  value="1"
                />
                <span
                  class="css-13iph60-Span e6k47t30"
                >
                  :
                </span>
                <label
                  class="css-1uke87w-HiddenLabel ejwy5sy0"
                  for="duration-sec-exercise-duration-1"
                >
                  Seconds
                </label>
                <input
                  class="css-1kbecqj-Input e6k47t31"
                  id="duration-sec-exercise-duration-1"
                  value="00"
                />
                <button
                  class="css-1onp49w-SmallRoundButton e1d9564b0"
                >
                  +
                </button>
              </div>
            </div>
          </section>
          <section
            class="css-tm9dcy-ExerciseContainer-SurfaceElevation eyn0rhl5"
          >
            <div
              class="css-1jvcbl5-Row eyn0rhl4"
            >
              <div>
                <div
                  class="css-1cr90z6-Row eyn0rhl4"
                >
                  <h4
                    class="css-1nfoimb-H4-TextMixin e1uetepz0"
                  >
                    Exercise
                     
                    <span
                      class="css-v5jw6b-NumberSpan-TextMixin evnodtx0"
                    >
                      2
                    </span>
                  </h4>
                  <div>
                    <button
                      aria-label="Up"
                      class="css-1s6gjwe-Button-SurfaceElevation eccggh51"
                    >
                      <div
                        class="css-yt6a9h-Arrow eccggh50"
                        direction="Up"
                      />
                    </button>
                    <button
                      aria-label="Down"
                      class="css-1s6gjwe-Button-SurfaceElevation eccggh51"
                      disabled=""
                    >
                      <div
                        class="css-1vsw8zw-Arrow eccggh50"
                        direction="Down"
                      />
                    </button>
                  </div>
                </div>
              </div>
              <button
                class="css-ak8ya3-SecondaryButton-SurfaceElevation e1dg5x0l0"
              >
                Remove
              </button>
            </div>
            <div
              class="css-y7gdxi-Container e19wqegw5"
            >
              <input
                class="css-1jng164-Input e19wqegw3"
                id="exercise-name-2"
                list="exercises-data-list"
                placeholder="Pushups"
                required=""
                type="text"
                value=""
              />
              <label
                class="css-1g1fvn4-Label e19wqegw4"
                for="exercise-name-2"
              >
                Exercise Name
                <span>
                  *
                </span>
              </label>
            </div>
            <div
              class="css-1e11j7i-Container e19wqegw5"
            >
              <textarea
                class="css-1ue2n5n-TextArea e19wqegw2"
                id="exercise-description-2"
                placeholder="Give others an idea of how the exercise should be performed."
                spellcheck="true"
              />
              <label
                class="css-1g1fvn4-Label e19wqegw4"
                for="exercise-description-2"
              >
                Exercise Description
              </label>
            </div>
            <div
              class="css-1nr72v1-Row eyn0rhl4"
            >
              <div
                class="css-8iiln6-Container e6k47t33"
              >
                <label
                  class="css-1jw5w9c-Label e6k47t32"
                >
                  Duration (Min : Sec)
                </label>
                <button
                  class="css-1onp49w-SmallRoundButton e1d9564b0"
                >
                  -
                </button>
                <label
                  class="css-1uke87w-HiddenLabel ejwy5sy0"
                  for="duration-min-exercise-duration-2"
                >
                  Minutes
                </label>
                <input
                  class="css-btjg7v-Input e6k47t31"
                  id="duration-min-exercise-duration-2"
                  value="1"
                />
                <span
                  class="css-13iph60-Span e6k47t30"
                >
                  :
                </span>
                <label
                  class="css-1uke87w-HiddenLabel ejwy5sy0"
                  for="duration-sec-exercise-duration-2"
                >
                  Seconds
                </label>
                <input
                  class="css-1kbecqj-Input e6k47t31"
                  id="duration-sec-exercise-duration-2"
                  value="00"
                />
                <button
                  class="css-1onp49w-SmallRoundButton e1d9564b0"
                >
                  +
                </button>
              </div>
              <div
                class="css-1czevnc-Container ehnckex2"
              >
                <button
                  aria-label="Decrease number by 1"
                  class="css-1onp49w-SmallRoundButton e1d9564b0"
                  disabled=""
                >
                  -
                </button>
                <input
                  class="css-baq04u-NumberInput-SurfaceElevation ehnckex0"
                  id="exercise-rep-count-2"
                  value="0"
                />
                <label
                  class="css-1jw5w9c-Label ehnckex1"
                  for="exercise-rep-count-2"
                  role="label"
                >
                  Repetitions
                </label>
                <button
                  aria-label="Increase number by 1"
                  class="css-1onp49w-SmallRoundButton e1d9564b0"
                >
                  +
                </button>
              </div>
            </div>
          </section>
        </section>
        <datalist
          id="exercises-data-list"
        >
          <option
            value="Calf-Raise"
          />
          <option
            value="Squat Calf-Raise"
          />
          <option
            value="Single-Leg Calf-Raise"
          />
          <option
            value="Stiff-Leg Ankle Hop"
          />
          <option
            value="Wall Sit"
          />
          <option
            value="Sumo Squat"
          />
          <option
            value="Air Squat"
          />
          <option
            value="Step-Up"
          />
          <option
            value="Static Lunge"
          />
          <option
            value="Forward Lunge"
          />
          <option
            value="Reverse Lunge"
          />
          <option
            value="Bulgarian Split Squat"
          />
          <option
            value="Single-Leg Box Squat"
          />
          <option
            value="Skater Squat"
          />
          <option
            value="Shrimp Squat"
          />
          <option
            value="Pistol Squat"
          />
          <option
            value="Glute Bridge"
          />
          <option
            value="Side Lying Clam"
          />
          <option
            value="Donkey Kick"
          />
          <option
            value="Bent-Leg Donkey Kick"
          />
          <option
            value="Single-Leg Romanian Deadlift"
          />
          <option
            value="Single-Leg Glute Bridge"
          />
          <option
            value="Shoulders-Elevated Hip Raise"
          />
          <option
            value="Single-Leg Shoulders Elevated Hip Raise"
          />
          <option
            value="Russian Leg Curl"
          />
          <option
            value="Shoulders-and-Feet-Elevated Hip Raise"
          />
          <option
            value="Single-Leg Shoulders-and-Feet-Elevated Hip Raise"
          />
          <option
            value="Sit-Up"
          />
          <option
            value="Twisting Sit-Up"
          />
          <option
            value="Crunch"
          />
          <option
            value="Reverse Crunch"
          />
          <option
            value="Side Crunch"
          />
          <option
            value="Flutter Kick"
          />
          <option
            value="Bicycle"
          />
          <option
            value="Superman"
          />
          <option
            value="Bird Dog"
          />
          <option
            value="Dead Bug"
          />
          <option
            value="Plank"
          />
          <option
            value="Feet-Elevated Plank"
          />
          <option
            value="Side Plank"
          />
          <option
            value="Feet-Elevated Side Plank"
          />
          <option
            value="RKC Plank"
          />
          <option
            value="Lying Straight-Leg Raise"
          />
          <option
            value="Hanging Knee-Tuck"
          />
          <option
            value="Hanging Leg-Raise"
          />
          <option
            value="Oblique Hanging Leg-Raise"
          />
          <option
            value="Windshield Wiper"
          />
          <option
            value="L-Sit"
          />
          <option
            value="Dragon Flag"
          />
          <option
            value="Doorway Row"
          />
          <option
            value="Inverted Curl"
          />
          <option
            value="Inverted Row"
          />
          <option
            value="Eccentric Chin / Pull-Ups"
          />
          <option
            value="Chin-Up"
          />
          <option
            value="Pull-Up"
          />
          <option
            value="Feet-Elevated Inverted Row"
          />
          <option
            value="Side-To-Side Pull-Up"
          />
          <option
            value="One-Arm Inverted Row"
          />
          <option
            value="One-Arm Chin-Up"
          />
          <option
            value="YTWL"
          />
          <option
            value="Wall Push-Up"
          />
          <option
            value="Torso-Elevated Push-Up"
          />
          <option
            value="Push-Up"
          />
          <option
            value="Bench Dip"
          />
          <option
            value="Push-Back"
          />
          <option
            value="Spiderman Push-Up"
          />
          <option
            value="Triceps Extension"
          />
          <option
            value="Feet-Elevated Push-Up"
          />
          <option
            value="Chest Dip"
          />
          <option
            value="Hindu Push-Up"
          />
          <option
            value="Diamond Push-Up"
          />
          <option
            value="Wide Push-Ups"
          />
          <option
            value="Side-To-Side Push-Up"
          />
          <option
            value="Feet-Elevated Pike Push-Up"
          />
          <option
            value="Assisted One-Arm Push-Up"
          />
          <option
            value="Wall Handstand Push-Up"
          />
          <option
            value="One-Arm Push-Up"
          />
          <option
            value="Crab Walk"
          />
          <option
            value="Inchworm"
          />
          <option
            value="Bear Crawl"
          />
          <option
            value="Crocodile Crawl"
          />
          <option
            value="Mountain Climber"
          />
          <option
            value="Frog Stand"
          />
          <option
            value="Planche"
          />
          <option
            value="Back Lever"
          />
          <option
            value="Front Lever"
          />
          <option
            value="Muscle-Up"
          />
          <option
            value="Human Flag"
          />
          <option
            value="Jumping Jack"
          />
          <option
            value="Jumping Rope"
          />
          <option
            value="Jump Squat"
          />
          <option
            value="Lateral Jump"
          />
          <option
            value="Tuck Jump"
          />
          <option
            value="Jumping Lunge"
          />
          <option
            value="Burpee"
          />
          <option
            value="Clapping Push-Up"
          />
          <option
            value="Knee-Slap Push-Up"
          />
          <option
            value="Jumping Skater Squat"
          />
          <option
            value="Single-Leg Jump Squat"
          />
          <option
            value="Flying Superman Push-Up"
          />
          <option
            value="Aztec Push-Up"
          />
        </datalist>
        <div
          class="css-1bt2x73-Row eyn0rhl4"
        >
          <button
            class="css-ak8ya3-SecondaryButton-SurfaceElevation e1dg5x0l0"
          >
            Add Exercise
          </button>
          <button
            class="css-ak8ya3-SecondaryButton-SurfaceElevation e1dg5x0l0"
          >
            Add Rest
          </button>
        </div>
        <h3
          class="css-o7kw0k-H3-TextMixin eyl1k3n0"
        >
          Difficulty
        </h3>
        <p
          class="css-44y8rz-P-TextMixin elrci8c0"
        >
          How difficult do you think this workout is?
        </p>
        <div
          class="css-1cr90z6-Row eyn0rhl4"
        >
          <div
            class="css-1v8dyfi-Row-SurfaceElevation ek5alhc0"
          >
            <button
              class="css-1rmbl7j-TertiaryButton-SurfaceElevation-InlineButton-SelectableInlineButton e1zmsnr0"
            >
              active-rest
            </button>
            <button
              class="css-13o0t0v-TertiaryButton-SurfaceElevation-InlineButton-SelectableInlineButton-SelectableInlineButton e1zmsnr0"
            >
              moderate
            </button>
            <button
              class="css-1rmbl7j-TertiaryButton-SurfaceElevation-InlineButton-SelectableInlineButton e1zmsnr0"
            >
              hard
            </button>
            <button
              class="css-1rmbl7j-TertiaryButton-SurfaceElevation-InlineButton-SelectableInlineButton e1zmsnr0"
            >
              extreme
            </button>
          </div>
        </div>
        <h3
          class="css-o7kw0k-H3-TextMixin eyl1k3n0"
        >
          Tags
        </h3>
        <p
          class="css-44y8rz-P-TextMixin elrci8c0"
        >
          Select tags that you believe apply to the workout. Please select a minimum of 2.
        </p>
        <p
          class="css-q68gc8-P-TextMixin-ErrorP eyn0rhl1"
        />
        <div
          class="css-1sjmxg3-TagsRow-SurfaceElevation el9c11x0"
        >
          <button
            class="css-13o0t0v-TertiaryButton-SurfaceElevation-InlineButton-SelectableInlineButton-SelectableInlineButton e1zmsnr0"
          >
            core
          </button>
          <button
            class="css-1rmbl7j-TertiaryButton-SurfaceElevation-InlineButton-SelectableInlineButton e1zmsnr0"
          >
            arms
          </button>
          <button
            class="css-1rmbl7j-TertiaryButton-SurfaceElevation-InlineButton-SelectableInlineButton e1zmsnr0"
          >
            legs
          </button>
          <button
            class="css-1rmbl7j-TertiaryButton-SurfaceElevation-InlineButton-SelectableInlineButton e1zmsnr0"
          >
            lats
          </button>
          <button
            class="css-1rmbl7j-TertiaryButton-SurfaceElevation-InlineButton-SelectableInlineButton e1zmsnr0"
          >
            chest
          </button>
          <button
            class="css-1rmbl7j-TertiaryButton-SurfaceElevation-InlineButton-SelectableInlineButton e1zmsnr0"
          >
            back
          </button>
          <button
            class="css-1rmbl7j-TertiaryButton-SurfaceElevation-InlineButton-SelectableInlineButton e1zmsnr0"
          >
            shoulders
          </button>
          <button
            class="css-13o0t0v-TertiaryButton-SurfaceElevation-InlineButton-SelectableInlineButton-SelectableInlineButton e1zmsnr0"
          >
            full-body
          </button>
          <button
            class="css-1rmbl7j-TertiaryButton-SurfaceElevation-InlineButton-SelectableInlineButton e1zmsnr0"
          >
            lower-body
          </button>
          <button
            class="css-1rmbl7j-TertiaryButton-SurfaceElevation-InlineButton-SelectableInlineButton e1zmsnr0"
          >
            upper-body
          </button>
          <button
            class="css-1rmbl7j-TertiaryButton-SurfaceElevation-InlineButton-SelectableInlineButton e1zmsnr0"
          >
            coordination
          </button>
          <button
            class="css-1rmbl7j-TertiaryButton-SurfaceElevation-InlineButton-SelectableInlineButton e1zmsnr0"
          >
            balance
          </button>
          <button
            class="css-1rmbl7j-TertiaryButton-SurfaceElevation-InlineButton-SelectableInlineButton e1zmsnr0"
          >
            cardio
          </button>
          <button
            class="css-13o0t0v-TertiaryButton-SurfaceElevation-InlineButton-SelectableInlineButton-SelectableInlineButton e1zmsnr0"
          >
            body-weight
          </button>
        </div>
        <div
          class="css-4btugf-Row eyn0rhl4"
        >
          <button
            class="css-4i4kxd-SubmitButton epz85c30"
          >
            Create Workout
          </button>
        </div>
      </form>
    </div>
  </body>,
  "container": <div>
    <form
      class="css-2shsq8-Form-SurfaceElevation eyn0rhl7"
    >
      <div
        class="css-hphwbf-Row eyn0rhl4"
      >
        <h2
          class="css-12ejohh-H2-TextMixin ewijl6f0"
        >
          Create A Workout
        </h2>
        <button
          class="css-ak8ya3-SecondaryButton-SurfaceElevation e1dg5x0l0"
        >
          Clear
        </button>
      </div>
      <div
        class="css-y7gdxi-Container e19wqegw5"
      >
        <input
          class="css-1jng164-Input e19wqegw3"
          id="create-workout-name"
          placeholder="Chest Destroyer... or something"
          required=""
          type="text"
          value="Test Workout 1"
        />
        <label
          class="css-1g1fvn4-Label e19wqegw4"
          for="create-workout-name"
        >
          Workout Name
          <span>
            *
          </span>
        </label>
      </div>
      <div
        class="css-1e11j7i-Container e19wqegw5"
      >
        <textarea
          class="css-1ue2n5n-TextArea e19wqegw2"
          id="create-workout-description"
          placeholder="Describe the workout, sell it and get others to try it!"
          spellcheck="true"
        >
          This is a test workout description that contains words.
        </textarea>
        <label
          class="css-1g1fvn4-Label e19wqegw4"
          for="create-workout-description"
        >
          Workout Description
        </label>
      </div>
      <div
        class="css-t71wi0-Row eyn0rhl4"
      >
        <div
          class="css-1czevnc-Container ehnckex2"
        >
          <button
            aria-label="Decrease number by 1"
            class="css-1onp49w-SmallRoundButton e1d9564b0"
          >
            -
          </button>
          <input
            class="css-baq04u-NumberInput-SurfaceElevation ehnckex0"
            id="create-workout-rounds"
            value="2"
          />
          <label
            class="css-1jw5w9c-Label ehnckex1"
            for="create-workout-rounds"
            role="label"
          >
            Number of Rounds
          </label>
          <button
            aria-label="Increase number by 1"
            class="css-1onp49w-SmallRoundButton e1d9564b0"
          >
            +
          </button>
        </div>
        <div
          class="css-bqgpbt-Container epl5quv1"
        >
          <span
            class="css-13ikpmi-NumberSpan-TextMixin-Title epl5quv0"
          >
            Share Setting
          </span>
          <div
            class="css-21c7ls-Row epl5quv7"
          >
            <button
              class="css-4vnsso-TertiaryButton-SurfaceElevation-Btn epl5quv6"
            >
              Public
            </button>
            <div
              class="css-1rkq0zx-ToggleContainer epl5quv3"
            >
              <label
                class="css-9qbk92-TogglerLabel epl5quv4"
              >
                <input
                  checked=""
                  class="css-b547lr-TogglerInput epl5quv5"
                  type="checkbox"
                />
                <div
                  class="css-fcz5f6-ToggleBall epl5quv2"
                />
              </label>
            </div>
            <button
              class="css-4vnsso-TertiaryButton-SurfaceElevation-Btn epl5quv6"
              disabled=""
            >
              Private
            </button>
          </div>
        </div>
      </div>
      <h3
        class="css-o7kw0k-H3-TextMixin eyl1k3n0"
      >
        Exercises
      </h3>
      <p
        class="css-44y8rz-P-TextMixin elrci8c0"
      >
        Add exercises and rest periods.
         
        <span
          class="css-1ra9t9j-LowEmpSpan-TextMixin ebud7590"
        >
          You can reorder the exercises and rests by using the arrows.
        </span>
      </p>
      <p
        class="css-m6p9ut-P-TextMixin elrci8c0"
      >
        Duration: Exercises with no duration (ie '0:00') will not be timed, and will require the person doing the workout to hit the 'Next' button.
         
        <span
          class="css-1ra9t9j-LowEmpSpan-TextMixin ebud7590"
        >
          (Only set duration to zero if you want a certain number of reps to be performed.)
        </span>
      </p>
      <p
        class="css-44y8rz-P-TextMixin elrci8c0"
      >
        Repetitions: If you want the exercise to be performed to failure, set repetitions to 0.
      </p>
      <section
        class="css-1e4l76e-ExercisesContainer eyn0rhl6"
      >
        <section
          class="css-tm9dcy-ExerciseContainer-SurfaceElevation eyn0rhl5"
        >
          <div
            class="css-1jvcbl5-Row eyn0rhl4"
          >
            <div>
              <div
                class="css-1cr90z6-Row eyn0rhl4"
              >
                <h4
                  class="css-1nfoimb-H4-TextMixin e1uetepz0"
                >
                  Exercise
                   
                  <span
                    class="css-v5jw6b-NumberSpan-TextMixin evnodtx0"
                  >
                    1
                  </span>
                </h4>
                <div>
                  <button
                    aria-label="Up"
                    class="css-1s6gjwe-Button-SurfaceElevation eccggh51"
                    disabled=""
                  >
                    <div
                      class="css-yt6a9h-Arrow eccggh50"
                      direction="Up"
                    />
                  </button>
                  <button
                    aria-label="Down"
                    class="css-1s6gjwe-Button-SurfaceElevation eccggh51"
                  >
                    <div
                      class="css-1vsw8zw-Arrow eccggh50"
                      direction="Down"
                    />
                  </button>
                </div>
              </div>
            </div>
            <button
              class="css-ak8ya3-SecondaryButton-SurfaceElevation e1dg5x0l0"
            >
              Remove
            </button>
          </div>
          <div
            class="css-y7gdxi-Container e19wqegw5"
          >
            <input
              class="css-1jng164-Input e19wqegw3"
              id="exercise-name-0"
              list="exercises-data-list"
              placeholder="Pushups"
              required=""
              type="text"
              value="Plank"
            />
            <label
              class="css-1g1fvn4-Label e19wqegw4"
              for="exercise-name-0"
            >
              Exercise Name
              <span>
                *
              </span>
            </label>
          </div>
          <div
            class="css-1e11j7i-Container e19wqegw5"
          >
            <textarea
              class="css-1ue2n5n-TextArea e19wqegw2"
              id="exercise-description-0"
              placeholder="Give others an idea of how the exercise should be performed."
              spellcheck="true"
            >
              Lie face down with your forearms on the floor and hands clasped. Extend the legs behind you and rise up on to your toes. Keeping the back straight, tighten your core, quads and glutes and hold the position.
            </textarea>
            <label
              class="css-1g1fvn4-Label e19wqegw4"
              for="exercise-description-0"
            >
              Exercise Description
            </label>
          </div>
          <div
            class="css-1nr72v1-Row eyn0rhl4"
          >
            <div
              class="css-8iiln6-Container e6k47t33"
            >
              <label
                class="css-1jw5w9c-Label e6k47t32"
              >
                Duration (Min : Sec)
              </label>
              <button
                class="css-1onp49w-SmallRoundButton e1d9564b0"
              >
                -
              </button>
              <label
                class="css-1uke87w-HiddenLabel ejwy5sy0"
                for="duration-min-exercise-duration-0"
              >
                Minutes
              </label>
              <input
                class="css-btjg7v-Input e6k47t31"
                id="duration-min-exercise-duration-0"
                value="1"
              />
              <span
                class="css-13iph60-Span e6k47t30"
              >
                :
              </span>
              <label
                class="css-1uke87w-HiddenLabel ejwy5sy0"
                for="duration-sec-exercise-duration-0"
              >
                Seconds
              </label>
              <input
                class="css-1kbecqj-Input e6k47t31"
                id="duration-sec-exercise-duration-0"
                value="01"
              />
              <button
                class="css-1onp49w-SmallRoundButton e1d9564b0"
              >
                +
              </button>
            </div>
            <div
              class="css-1czevnc-Container ehnckex2"
            >
              <button
                aria-label="Decrease number by 1"
                class="css-1onp49w-SmallRoundButton e1d9564b0"
                disabled=""
              >
                -
              </button>
              <input
                class="css-baq04u-NumberInput-SurfaceElevation ehnckex0"
                id="exercise-rep-count-0"
                value="0"
              />
              <label
                class="css-1jw5w9c-Label ehnckex1"
                for="exercise-rep-count-0"
                role="label"
              >
                Repetitions
              </label>
              <button
                aria-label="Increase number by 1"
                class="css-1onp49w-SmallRoundButton e1d9564b0"
              >
                +
              </button>
            </div>
          </div>
        </section>
        <section
          class="css-tm9dcy-ExerciseContainer-SurfaceElevation eyn0rhl5"
        >
          <div
            class="css-1jvcbl5-Row eyn0rhl4"
          >
            <div>
              <div
                class="css-1cr90z6-Row eyn0rhl4"
              >
                <h4
                  class="css-1nfoimb-H4-TextMixin e1uetepz0"
                >
                  Rest
                   
                  <span
                    class="css-v5jw6b-NumberSpan-TextMixin evnodtx0"
                  >
                    1
                  </span>
                </h4>
                <div
                  class="css-wkktl0-MarginLeft eyn0rhl2"
                >
                  <button
                    aria-label="Up"
                    class="css-1s6gjwe-Button-SurfaceElevation eccggh51"
                  >
                    <div
                      class="css-yt6a9h-Arrow eccggh50"
                      direction="Up"
                    />
                  </button>
                  <button
                    aria-label="Down"
                    class="css-1s6gjwe-Button-SurfaceElevation eccggh51"
                  >
                    <div
                      class="css-1vsw8zw-Arrow eccggh50"
                      direction="Down"
                    />
                  </button>
                </div>
              </div>
            </div>
            <button
              class="css-ak8ya3-SecondaryButton-SurfaceElevation e1dg5x0l0"
            >
              Remove
            </button>
          </div>
          <div
            class="css-y7gdxi-Container e19wqegw5"
          >
            <input
              class="css-1jng164-Input e19wqegw3"
              id="exercise-description-1"
              placeholder="Optional Message to display during rest"
              type="text"
              value=""
            />
            <label
              class="css-1g1fvn4-Label e19wqegw4"
              for="exercise-description-1"
            >
              Rest Message
            </label>
          </div>
          <div
            class="css-140eg53-Row eyn0rhl4"
          >
            <div
              class="css-8iiln6-Container e6k47t33"
            >
              <label
                class="css-1jw5w9c-Label e6k47t32"
              >
                Duration (Min : Sec)
              </label>
              <button
                class="css-1onp49w-SmallRoundButton e1d9564b0"
              >
                -
              </button>
              <label
                class="css-1uke87w-HiddenLabel ejwy5sy0"
                for="duration-min-exercise-duration-1"
              >
                Minutes
              </label>
              <input
                class="css-btjg7v-Input e6k47t31"
                id="duration-min-exercise-duration-1"
                value="1"
              />
              <span
                class="css-13iph60-Span e6k47t30"
              >
                :
              </span>
              <label
                class="css-1uke87w-HiddenLabel ejwy5sy0"
                for="duration-sec-exercise-duration-1"
              >
                Seconds
              </label>
              <input
                class="css-1kbecqj-Input e6k47t31"
                id="duration-sec-exercise-duration-1"
                value="00"
              />
              <button
                class="css-1onp49w-SmallRoundButton e1d9564b0"
              >
                +
              </button>
            </div>
          </div>
        </section>
        <section
          class="css-tm9dcy-ExerciseContainer-SurfaceElevation eyn0rhl5"
        >
          <div
            class="css-1jvcbl5-Row eyn0rhl4"
          >
            <div>
              <div
                class="css-1cr90z6-Row eyn0rhl4"
              >
                <h4
                  class="css-1nfoimb-H4-TextMixin e1uetepz0"
                >
                  Exercise
                   
                  <span
                    class="css-v5jw6b-NumberSpan-TextMixin evnodtx0"
                  >
                    2
                  </span>
                </h4>
                <div>
                  <button
                    aria-label="Up"
                    class="css-1s6gjwe-Button-SurfaceElevation eccggh51"
                  >
                    <div
                      class="css-yt6a9h-Arrow eccggh50"
                      direction="Up"
                    />
                  </button>
                  <button
                    aria-label="Down"
                    class="css-1s6gjwe-Button-SurfaceElevation eccggh51"
                    disabled=""
                  >
                    <div
                      class="css-1vsw8zw-Arrow eccggh50"
                      direction="Down"
                    />
                  </button>
                </div>
              </div>
            </div>
            <button
              class="css-ak8ya3-SecondaryButton-SurfaceElevation e1dg5x0l0"
            >
              Remove
            </button>
          </div>
          <div
            class="css-y7gdxi-Container e19wqegw5"
          >
            <input
              class="css-1jng164-Input e19wqegw3"
              id="exercise-name-2"
              list="exercises-data-list"
              placeholder="Pushups"
              required=""
              type="text"
              value=""
            />
            <label
              class="css-1g1fvn4-Label e19wqegw4"
              for="exercise-name-2"
            >
              Exercise Name
              <span>
                *
              </span>
            </label>
          </div>
          <div
            class="css-1e11j7i-Container e19wqegw5"
          >
            <textarea
              class="css-1ue2n5n-TextArea e19wqegw2"
              id="exercise-description-2"
              placeholder="Give others an idea of how the exercise should be performed."
              spellcheck="true"
            />
            <label
              class="css-1g1fvn4-Label e19wqegw4"
              for="exercise-description-2"
            >
              Exercise Description
            </label>
          </div>
          <div
            class="css-1nr72v1-Row eyn0rhl4"
          >
            <div
              class="css-8iiln6-Container e6k47t33"
            >
              <label
                class="css-1jw5w9c-Label e6k47t32"
              >
                Duration (Min : Sec)
              </label>
              <button
                class="css-1onp49w-SmallRoundButton e1d9564b0"
              >
                -
              </button>
              <label
                class="css-1uke87w-HiddenLabel ejwy5sy0"
                for="duration-min-exercise-duration-2"
              >
                Minutes
              </label>
              <input
                class="css-btjg7v-Input e6k47t31"
                id="duration-min-exercise-duration-2"
                value="1"
              />
              <span
                class="css-13iph60-Span e6k47t30"
              >
                :
              </span>
              <label
                class="css-1uke87w-HiddenLabel ejwy5sy0"
                for="duration-sec-exercise-duration-2"
              >
                Seconds
              </label>
              <input
                class="css-1kbecqj-Input e6k47t31"
                id="duration-sec-exercise-duration-2"
                value="00"
              />
              <button
                class="css-1onp49w-SmallRoundButton e1d9564b0"
              >
                +
              </button>
            </div>
            <div
              class="css-1czevnc-Container ehnckex2"
            >
              <button
                aria-label="Decrease number by 1"
                class="css-1onp49w-SmallRoundButton e1d9564b0"
                disabled=""
              >
                -
              </button>
              <input
                class="css-baq04u-NumberInput-SurfaceElevation ehnckex0"
                id="exercise-rep-count-2"
                value="0"
              />
              <label
                class="css-1jw5w9c-Label ehnckex1"
                for="exercise-rep-count-2"
                role="label"
              >
                Repetitions
              </label>
              <button
                aria-label="Increase number by 1"
                class="css-1onp49w-SmallRoundButton e1d9564b0"
              >
                +
              </button>
            </div>
          </div>
        </section>
      </section>
      <datalist
        id="exercises-data-list"
      >
        <option
          value="Calf-Raise"
        />
        <option
          value="Squat Calf-Raise"
        />
        <option
          value="Single-Leg Calf-Raise"
        />
        <option
          value="Stiff-Leg Ankle Hop"
        />
        <option
          value="Wall Sit"
        />
        <option
          value="Sumo Squat"
        />
        <option
          value="Air Squat"
        />
        <option
          value="Step-Up"
        />
        <option
          value="Static Lunge"
        />
        <option
          value="Forward Lunge"
        />
        <option
          value="Reverse Lunge"
        />
        <option
          value="Bulgarian Split Squat"
        />
        <option
          value="Single-Leg Box Squat"
        />
        <option
          value="Skater Squat"
        />
        <option
          value="Shrimp Squat"
        />
        <option
          value="Pistol Squat"
        />
        <option
          value="Glute Bridge"
        />
        <option
          value="Side Lying Clam"
        />
        <option
          value="Donkey Kick"
        />
        <option
          value="Bent-Leg Donkey Kick"
        />
        <option
          value="Single-Leg Romanian Deadlift"
        />
        <option
          value="Single-Leg Glute Bridge"
        />
        <option
          value="Shoulders-Elevated Hip Raise"
        />
        <option
          value="Single-Leg Shoulders Elevated Hip Raise"
        />
        <option
          value="Russian Leg Curl"
        />
        <option
          value="Shoulders-and-Feet-Elevated Hip Raise"
        />
        <option
          value="Single-Leg Shoulders-and-Feet-Elevated Hip Raise"
        />
        <option
          value="Sit-Up"
        />
        <option
          value="Twisting Sit-Up"
        />
        <option
          value="Crunch"
        />
        <option
          value="Reverse Crunch"
        />
        <option
          value="Side Crunch"
        />
        <option
          value="Flutter Kick"
        />
        <option
          value="Bicycle"
        />
        <option
          value="Superman"
        />
        <option
          value="Bird Dog"
        />
        <option
          value="Dead Bug"
        />
        <option
          value="Plank"
        />
        <option
          value="Feet-Elevated Plank"
        />
        <option
          value="Side Plank"
        />
        <option
          value="Feet-Elevated Side Plank"
        />
        <option
          value="RKC Plank"
        />
        <option
          value="Lying Straight-Leg Raise"
        />
        <option
          value="Hanging Knee-Tuck"
        />
        <option
          value="Hanging Leg-Raise"
        />
        <option
          value="Oblique Hanging Leg-Raise"
        />
        <option
          value="Windshield Wiper"
        />
        <option
          value="L-Sit"
        />
        <option
          value="Dragon Flag"
        />
        <option
          value="Doorway Row"
        />
        <option
          value="Inverted Curl"
        />
        <option
          value="Inverted Row"
        />
        <option
          value="Eccentric Chin / Pull-Ups"
        />
        <option
          value="Chin-Up"
        />
        <option
          value="Pull-Up"
        />
        <option
          value="Feet-Elevated Inverted Row"
        />
        <option
          value="Side-To-Side Pull-Up"
        />
        <option
          value="One-Arm Inverted Row"
        />
        <option
          value="One-Arm Chin-Up"
        />
        <option
          value="YTWL"
        />
        <option
          value="Wall Push-Up"
        />
        <option
          value="Torso-Elevated Push-Up"
        />
        <option
          value="Push-Up"
        />
        <option
          value="Bench Dip"
        />
        <option
          value="Push-Back"
        />
        <option
          value="Spiderman Push-Up"
        />
        <option
          value="Triceps Extension"
        />
        <option
          value="Feet-Elevated Push-Up"
        />
        <option
          value="Chest Dip"
        />
        <option
          value="Hindu Push-Up"
        />
        <option
          value="Diamond Push-Up"
        />
        <option
          value="Wide Push-Ups"
        />
        <option
          value="Side-To-Side Push-Up"
        />
        <option
          value="Feet-Elevated Pike Push-Up"
        />
        <option
          value="Assisted One-Arm Push-Up"
        />
        <option
          value="Wall Handstand Push-Up"
        />
        <option
          value="One-Arm Push-Up"
        />
        <option
          value="Crab Walk"
        />
        <option
          value="Inchworm"
        />
        <option
          value="Bear Crawl"
        />
        <option
          value="Crocodile Crawl"
        />
        <option
          value="Mountain Climber"
        />
        <option
          value="Frog Stand"
        />
        <option
          value="Planche"
        />
        <option
          value="Back Lever"
        />
        <option
          value="Front Lever"
        />
        <option
          value="Muscle-Up"
        />
        <option
          value="Human Flag"
        />
        <option
          value="Jumping Jack"
        />
        <option
          value="Jumping Rope"
        />
        <option
          value="Jump Squat"
        />
        <option
          value="Lateral Jump"
        />
        <option
          value="Tuck Jump"
        />
        <option
          value="Jumping Lunge"
        />
        <option
          value="Burpee"
        />
        <option
          value="Clapping Push-Up"
        />
        <option
          value="Knee-Slap Push-Up"
        />
        <option
          value="Jumping Skater Squat"
        />
        <option
          value="Single-Leg Jump Squat"
        />
        <option
          value="Flying Superman Push-Up"
        />
        <option
          value="Aztec Push-Up"
        />
      </datalist>
      <div
        class="css-1bt2x73-Row eyn0rhl4"
      >
        <button
          class="css-ak8ya3-SecondaryButton-SurfaceElevation e1dg5x0l0"
        >
          Add Exercise
        </button>
        <button
          class="css-ak8ya3-SecondaryButton-SurfaceElevation e1dg5x0l0"
        >
          Add Rest
        </button>
      </div>
      <h3
        class="css-o7kw0k-H3-TextMixin eyl1k3n0"
      >
        Difficulty
      </h3>
      <p
        class="css-44y8rz-P-TextMixin elrci8c0"
      >
        How difficult do you think this workout is?
      </p>
      <div
        class="css-1cr90z6-Row eyn0rhl4"
      >
        <div
          class="css-1v8dyfi-Row-SurfaceElevation ek5alhc0"
        >
          <button
            class="css-1rmbl7j-TertiaryButton-SurfaceElevation-InlineButton-SelectableInlineButton e1zmsnr0"
          >
            active-rest
          </button>
          <button
            class="css-13o0t0v-TertiaryButton-SurfaceElevation-InlineButton-SelectableInlineButton-SelectableInlineButton e1zmsnr0"
          >
            moderate
          </button>
          <button
            class="css-1rmbl7j-TertiaryButton-SurfaceElevation-InlineButton-SelectableInlineButton e1zmsnr0"
          >
            hard
          </button>
          <button
            class="css-1rmbl7j-TertiaryButton-SurfaceElevation-InlineButton-SelectableInlineButton e1zmsnr0"
          >
            extreme
          </button>
        </div>
      </div>
      <h3
        class="css-o7kw0k-H3-TextMixin eyl1k3n0"
      >
        Tags
      </h3>
      <p
        class="css-44y8rz-P-TextMixin elrci8c0"
      >
        Select tags that you believe apply to the workout. Please select a minimum of 2.
      </p>
      <p
        class="css-q68gc8-P-TextMixin-ErrorP eyn0rhl1"
      />
      <div
        class="css-1sjmxg3-TagsRow-SurfaceElevation el9c11x0"
      >
        <button
          class="css-13o0t0v-TertiaryButton-SurfaceElevation-InlineButton-SelectableInlineButton-SelectableInlineButton e1zmsnr0"
        >
          core
        </button>
        <button
          class="css-1rmbl7j-TertiaryButton-SurfaceElevation-InlineButton-SelectableInlineButton e1zmsnr0"
        >
          arms
        </button>
        <button
          class="css-1rmbl7j-TertiaryButton-SurfaceElevation-InlineButton-SelectableInlineButton e1zmsnr0"
        >
          legs
        </button>
        <button
          class="css-1rmbl7j-TertiaryButton-SurfaceElevation-InlineButton-SelectableInlineButton e1zmsnr0"
        >
          lats
        </button>
        <button
          class="css-1rmbl7j-TertiaryButton-SurfaceElevation-InlineButton-SelectableInlineButton e1zmsnr0"
        >
          chest
        </button>
        <button
          class="css-1rmbl7j-TertiaryButton-SurfaceElevation-InlineButton-SelectableInlineButton e1zmsnr0"
        >
          back
        </button>
        <button
          class="css-1rmbl7j-TertiaryButton-SurfaceElevation-InlineButton-SelectableInlineButton e1zmsnr0"
        >
          shoulders
        </button>
        <button
          class="css-13o0t0v-TertiaryButton-SurfaceElevation-InlineButton-SelectableInlineButton-SelectableInlineButton e1zmsnr0"
        >
          full-body
        </button>
        <button
          class="css-1rmbl7j-TertiaryButton-SurfaceElevation-InlineButton-SelectableInlineButton e1zmsnr0"
        >
          lower-body
        </button>
        <button
          class="css-1rmbl7j-TertiaryButton-SurfaceElevation-InlineButton-SelectableInlineButton e1zmsnr0"
        >
          upper-body
        </button>
        <button
          class="css-1rmbl7j-TertiaryButton-SurfaceElevation-InlineButton-SelectableInlineButton e1zmsnr0"
        >
          coordination
        </button>
        <button
          class="css-1rmbl7j-TertiaryButton-SurfaceElevation-InlineButton-SelectableInlineButton e1zmsnr0"
        >
          balance
        </button>
        <button
          class="css-1rmbl7j-TertiaryButton-SurfaceElevation-InlineButton-SelectableInlineButton e1zmsnr0"
        >
          cardio
        </button>
        <button
          class="css-13o0t0v-TertiaryButton-SurfaceElevation-InlineButton-SelectableInlineButton-SelectableInlineButton e1zmsnr0"
        >
          body-weight
        </button>
      </div>
      <div
        class="css-4btugf-Row eyn0rhl4"
      >
        <button
          class="css-4i4kxd-SubmitButton epz85c30"
        >
          Create Workout
        </button>
      </div>
    </form>
  </div>,
  "debug": [Function],
  "findAllByAltText": [Function],
  "findAllByDisplayValue": [Function],
  "findAllByLabelText": [Function],
  "findAllByPlaceholderText": [Function],
  "findAllByRole": [Function],
  "findAllByTestId": [Function],
  "findAllByText": [Function],
  "findAllByTitle": [Function],
  "findByAltText": [Function],
  "findByDisplayValue": [Function],
  "findByLabelText": [Function],
  "findByPlaceholderText": [Function],
  "findByRole": [Function],
  "findByTestId": [Function],
  "findByText": [Function],
  "findByTitle": [Function],
  "getAllByAltText": [Function],
  "getAllByDisplayValue": [Function],
  "getAllByLabelText": [Function],
  "getAllByPlaceholderText": [Function],
  "getAllByRole": [Function],
  "getAllByTestId": [Function],
  "getAllByText": [Function],
  "getAllByTitle": [Function],
  "getByAltText": [Function],
  "getByDisplayValue": [Function],
  "getByLabelText": [Function],
  "getByPlaceholderText": [Function],
  "getByRole": [Function],
  "getByTestId": [Function],
  "getByText": [Function],
  "getByTitle": [Function],
  "queryAllByAltText": [Function],
  "queryAllByDisplayValue": [Function],
  "queryAllByLabelText": [Function],
  "queryAllByPlaceholderText": [Function],
  "queryAllByRole": [Function],
  "queryAllByTestId": [Function],
  "queryAllByText": [Function],
  "queryAllByTitle": [Function],
  "queryByAltText": [Function],
  "queryByDisplayValue": [Function],
  "queryByLabelText": [Function],
  "queryByPlaceholderText": [Function],
  "queryByRole": [Function],
  "queryByTestId": [Function],
  "queryByText": [Function],
  "queryByTitle": [Function],
  "rerender": [Function],
  "unmount": [Function],
}
`;
